============================= test session starts =============================
platform win32 -- Python 3.12.13, pytest-9.0.3, pluggy-1.6.0 -- C:\Codes\AI_MICROSERVICES\.codex-venv\Scripts\python.exe
cachedir: .pytest_cache
rootdir: C:\Codes\AI_MICROSERVICES
configfile: pyproject.toml
plugins: asyncio-1.4.0, cov-7.1.0, timeout-2.4.0
asyncio: mode=Mode.AUTO, debug=False, asyncio_default_fixture_loop_scope=None, asyncio_default_test_loop_scope=function
timeout: 15.0s
timeout method: thread
timeout func_only: False
collecting ... collected 525 items

tests/integration/test_flask_routes.py::TestSubmitJob::test_returns_202_with_job_id PASSED [  0%]
tests/integration/test_flask_routes.py::TestSubmitJob::test_missing_job_type_returns_400 PASSED [  0%]
tests/integration/test_flask_routes.py::TestSubmitJob::test_invalid_job_type_returns_400 PASSED [  0%]
tests/integration/test_flask_routes.py::TestGetJob::test_get_existing_job PASSED [  0%]
tests/integration/test_flask_routes.py::TestGetJob::test_get_nonexistent_job_returns_404 PASSED [  0%]
tests/integration/test_phase1_polling_architecture.py::test_job_manager PASSED [  1%]
tests/integration/test_phase1_polling_architecture.py::test_model_executor PASSED [  1%]
tests/integration/test_phase1_polling_architecture.py::test_ai_worker_client PASSED [  1%]
tests/integration/test_phase1_polling_architecture.py::test_imports PASSED [  1%]
tests/integration/test_phase1_polling_architecture.py::test_container_registration PASSED [  1%]
tests/mongodb/endpoint/test_health_endpoints.py::TestHealthLiveness::test_returns_200 PASSED [  2%]
tests/mongodb/endpoint/test_health_endpoints.py::TestHealthLiveness::test_returns_healthy_status PASSED [  2%]
tests/mongodb/endpoint/test_health_endpoints.py::TestHealthLiveness::test_contains_service_name PASSED [  2%]
tests/mongodb/endpoint/test_health_endpoints.py::TestHealthLiveness::test_contains_iso_timestamp PASSED [  2%]
tests/mongodb/endpoint/test_health_endpoints.py::TestHealthLiveness::test_liveness_returns_200_even_with_unhealthy_mongo PASSED [  2%]
tests/mongodb/endpoint/test_health_endpoints.py::TestHealthLiveness::test_liveness_returns_200_with_no_mongo_configured PASSED [  3%]
tests/mongodb/endpoint/test_health_endpoints.py::TestHealthLive::test_returns_200 PASSED [  3%]
tests/mongodb/endpoint/test_health_endpoints.py::TestHealthLive::test_returns_alive_status PASSED [  3%]
tests/mongodb/endpoint/test_health_endpoints.py::TestReadinessHealthy::test_returns_200_when_mongo_healthy PASSED [  3%]
tests/mongodb/endpoint/test_health_endpoints.py::TestReadinessHealthy::test_status_is_ready PASSED [  3%]
tests/mongodb/endpoint/test_health_endpoints.py::TestReadinessHealthy::test_response_contains_dependencies PASSED [  4%]
tests/mongodb/endpoint/test_health_endpoints.py::TestReadinessHealthy::test_database_dependency_is_healthy PASSED [  4%]
tests/mongodb/endpoint/test_health_endpoints.py::TestReadinessHealthy::test_database_connected_is_true PASSED [  4%]
tests/mongodb/endpoint/test_health_endpoints.py::TestReadinessHealthy::test_database_latency_ms_is_present PASSED [  4%]
tests/mongodb/endpoint/test_health_endpoints.py::TestReadinessHealthy::test_response_is_json PASSED [  4%]
tests/mongodb/endpoint/test_health_endpoints.py::TestReadinessHealthy::test_v1_route_alias_works PASSED [  4%]
tests/mongodb/endpoint/test_health_endpoints.py::TestReadinessUnhealthy::test_returns_503_when_mongo_unhealthy PASSED [  5%]
tests/mongodb/endpoint/test_health_endpoints.py::TestReadinessUnhealthy::test_status_is_degraded PASSED [  5%]
tests/mongodb/endpoint/test_health_endpoints.py::TestReadinessUnhealthy::test_database_status_is_unhealthy PASSED [  5%]
tests/mongodb/endpoint/test_health_endpoints.py::TestReadinessUnhealthy::test_database_connected_is_false PASSED [  5%]
tests/mongodb/endpoint/test_health_endpoints.py::TestReadinessUnconfigured::test_returns_200_in_memory_mode PASSED [  5%]
tests/mongodb/endpoint/test_health_endpoints.py::TestReadinessUnconfigured::test_database_status_is_not_configured PASSED [  6%]
tests/mongodb/endpoint/test_health_endpoints.py::TestReadinessUnconfigured::test_message_queue_is_not_configured PASSED [  6%]
tests/mongodb/endpoint/test_health_endpoints.py::TestReadinessResponseSchema::test_required_top_level_keys_present[healthy_client] PASSED [  6%]
tests/mongodb/endpoint/test_health_endpoints.py::TestReadinessResponseSchema::test_required_top_level_keys_present[unconfigured_client] PASSED [  6%]
tests/mongodb/endpoint/test_health_endpoints.py::TestReadinessResponseSchema::test_timestamp_is_iso8601 PASSED [  6%]
tests/mongodb/endpoint/test_metrics_endpoints.py::TestRouteRegistered::test_metrics_route_exists PASSED [  7%]
tests/mongodb/endpoint/test_metrics_endpoints.py::TestRouteRegistered::test_response_is_json PASSED [  7%]
tests/mongodb/endpoint/test_metrics_endpoints.py::TestMetricsHealthy::test_returns_200_when_healthy PASSED [  7%]
tests/mongodb/endpoint/test_metrics_endpoints.py::TestMetricsHealthy::test_mongodb_status_is_healthy PASSED [  7%]
tests/mongodb/endpoint/test_metrics_endpoints.py::TestMetricsHealthy::test_mongodb_connected_is_true PASSED [  7%]
tests/mongodb/endpoint/test_metrics_endpoints.py::TestMetricsHealthy::test_latency_ms_is_present PASSED [  8%]
tests/mongodb/endpoint/test_metrics_endpoints.py::TestMetricsHealthy::test_metrics_nested_object_present PASSED [  8%]
tests/mongodb/endpoint/test_metrics_endpoints.py::TestMetricsHealthy::test_metrics_contains_operation_counters PASSED [  8%]
tests/mongodb/endpoint/test_metrics_endpoints.py::TestMetricsHealthy::test_metrics_contains_connection_counters PASSED [  8%]
tests/mongodb/endpoint/test_metrics_endpoints.py::TestMetricsHealthy::test_metrics_contains_timestamps PASSED [  8%]
tests/mongodb/endpoint/test_metrics_endpoints.py::TestMetricsHealthy::test_checked_at_is_iso8601 PASSED [  8%]
tests/mongodb/endpoint/test_metrics_endpoints.py::TestMetricsHealthy::test_pool_info_present PASSED [  9%]
tests/mongodb/endpoint/test_metrics_endpoints.py::TestMetricsHealthy::test_top_level_service_field_present PASSED [  9%]
tests/mongodb/endpoint/test_metrics_endpoints.py::TestMetricsHealthy::test_top_level_timestamp_present PASSED [  9%]
tests/mongodb/endpoint/test_metrics_endpoints.py::TestMetricsUnhealthy::test_returns_503_when_unhealthy PASSED [  9%]
tests/mongodb/endpoint/test_metrics_endpoints.py::TestMetricsUnhealthy::test_mongodb_status_is_unhealthy PASSED [  9%]
tests/mongodb/endpoint/test_metrics_endpoints.py::TestMetricsUnhealthy::test_mongodb_connected_is_false PASSED [ 10%]
tests/mongodb/endpoint/test_metrics_endpoints.py::TestMetricsUnhealthy::test_latency_ms_is_none_when_unhealthy PASSED [ 10%]
tests/mongodb/endpoint/test_metrics_endpoints.py::TestMetricsUnconfigured::test_returns_200_when_not_configured PASSED [ 10%]
tests/mongodb/endpoint/test_metrics_endpoints.py::TestMetricsUnconfigured::test_mongodb_status_is_not_configured PASSED [ 10%]
tests/mongodb/endpoint/test_metrics_endpoints.py::TestMetricsUnconfigured::test_connected_is_false_when_not_configured PASSED [ 10%]
tests/mongodb/endpoint/test_metrics_endpoints.py::TestMetricsResponseSchema::test_all_top_level_keys_present PASSED [ 11%]
tests/mongodb/endpoint/test_metrics_endpoints.py::TestMetricsResponseSchema::test_all_mongodb_keys_present PASSED [ 11%]
tests/mongodb/endpoint/test_metrics_endpoints.py::TestMetricsResponseSchema::test_service_field_always_present[healthy_client] PASSED [ 11%]
tests/mongodb/endpoint/test_metrics_endpoints.py::TestMetricsResponseSchema::test_service_field_always_present[unhealthy_client] PASSED [ 11%]
tests/mongodb/endpoint/test_metrics_endpoints.py::TestMetricsResponseSchema::test_service_field_always_present[unconfigured_client] PASSED [ 11%]
tests/mongodb/endpoint/test_metrics_endpoints.py::TestMetricsResponseSchema::test_mongodb_field_always_present[healthy_client] PASSED [ 12%]
tests/mongodb/endpoint/test_metrics_endpoints.py::TestMetricsResponseSchema::test_mongodb_field_always_present[unhealthy_client] PASSED [ 12%]
tests/mongodb/endpoint/test_metrics_endpoints.py::TestMetricsResponseSchema::test_mongodb_field_always_present[unconfigured_client] PASSED [ 12%]
tests/mongodb/integration/test_mongo_wiring.py::TestWireMongo::test_registers_user_repository SKIPPED [ 12%]
tests/mongodb/integration/test_mongo_wiring.py::TestWireMongo::test_registers_refresh_token_repository SKIPPED [ 12%]
tests/mongodb/integration/test_mongo_wiring.py::TestWireMongo::test_resolved_user_repo_is_correct_type SKIPPED [ 12%]
tests/mongodb/integration/test_mongo_wiring.py::TestWireMongo::test_resolved_token_repo_is_correct_type SKIPPED [ 13%]
tests/mongodb/integration/test_mongo_wiring.py::TestWireMongo::test_indexes_are_created_on_users_collection SKIPPED [ 13%]
tests/mongodb/integration/test_mongo_wiring.py::TestWireMongo::test_indexes_are_created_on_refresh_tokens_collection SKIPPED [ 13%]
tests/mongodb/integration/test_mongo_wiring.py::TestWireMongo::test_registers_mongo_manager_when_provided SKIPPED [ 13%]
tests/mongodb/integration/test_mongo_wiring.py::TestWireMongo::test_does_not_register_mongo_manager_when_not_provided SKIPPED [ 13%]
tests/mongodb/integration/test_mongo_wiring.py::TestWireMongo::test_wire_mongo_is_idempotent SKIPPED [ 14%]
tests/mongodb/integration/test_mongo_wiring.py::TestWireMongo::test_repos_have_indexes_ensured_after_wiring SKIPPED [ 14%]
tests/mongodb/integration/test_mongo_wiring.py::TestWireMongo::test_token_repo_has_indexes_ensured_after_wiring SKIPPED [ 14%]
tests/mongodb/integration/test_mongo_wiring.py::TestWiredReposFunctionality::test_wired_user_repo_can_save_and_find SKIPPED [ 14%]
tests/mongodb/integration/test_mongo_wiring.py::TestWiredReposFunctionality::test_wired_token_repo_can_save_and_find SKIPPED [ 14%]
tests/mongodb/integration/test_mongo_wiring.py::TestTeardownMongo::test_calls_disconnect_on_manager SKIPPED [ 15%]
tests/mongodb/integration/test_mongo_wiring.py::TestTeardownMongo::test_teardown_is_safe_when_no_mongo_manager_registered SKIPPED [ 15%]
tests/mongodb/integration/test_mongo_wiring.py::TestTeardownMongo::test_teardown_is_safe_when_disconnect_raises SKIPPED [ 15%]
tests/mongodb/integration/test_refresh_token_repo_integration.py::TestSaveAndFindByHash::test_save_and_retrieve_token SKIPPED [ 15%]
tests/mongodb/integration/test_refresh_token_repo_integration.py::TestSaveAndFindByHash::test_find_by_hash_returns_none_when_missing SKIPPED [ 15%]
tests/mongodb/integration/test_refresh_token_repo_integration.py::TestSaveAndFindByHash::test_all_fields_preserved_on_round_trip SKIPPED [ 16%]
tests/mongodb/integration/test_refresh_token_repo_integration.py::TestSaveAndFindByHash::test_nullable_fields_are_none_on_fresh_token SKIPPED [ 16%]
tests/mongodb/integration/test_refresh_token_repo_integration.py::TestSaveAndFindByHash::test_save_upsert_updates_existing_token SKIPPED [ 16%]
tests/mongodb/integration/test_refresh_token_repo_integration.py::TestFindBySessionId::test_returns_all_tokens_in_session SKIPPED [ 16%]
tests/mongodb/integration/test_refresh_token_repo_integration.py::TestFindBySessionId::test_returns_empty_list_for_unknown_session SKIPPED [ 16%]
tests/mongodb/integration/test_refresh_token_repo_integration.py::TestFindBySessionId::test_does_not_return_tokens_from_other_sessions SKIPPED [ 16%]
tests/mongodb/integration/test_refresh_token_repo_integration.py::TestRevokeSession::test_revokes_all_active_tokens_in_session SKIPPED [ 17%]
tests/mongodb/integration/test_refresh_token_repo_integration.py::TestRevokeSession::test_does_not_revoke_already_revoked_tokens SKIPPED [ 17%]
tests/mongodb/integration/test_refresh_token_repo_integration.py::TestRevokeSession::test_returns_zero_when_no_tokens_in_session SKIPPED [ 17%]
tests/mongodb/integration/test_refresh_token_repo_integration.py::TestRevokeSession::test_revocation_does_not_affect_other_sessions SKIPPED [ 17%]
tests/mongodb/integration/test_refresh_token_repo_integration.py::TestDeleteExpired::test_deletes_expired_tokens SKIPPED [ 17%]
tests/mongodb/integration/test_refresh_token_repo_integration.py::TestDeleteExpired::test_returns_zero_when_no_expired_tokens SKIPPED [ 18%]
tests/mongodb/integration/test_refresh_token_repo_integration.py::TestDeleteExpired::test_deletes_multiple_expired_tokens SKIPPED [ 18%]
tests/mongodb/integration/test_refresh_token_repo_integration.py::TestDeleteAndExists::test_exists_true_after_save SKIPPED [ 18%]
tests/mongodb/integration/test_refresh_token_repo_integration.py::TestDeleteAndExists::test_delete_removes_token SKIPPED [ 18%]
tests/mongodb/integration/test_refresh_token_repo_integration.py::TestDeleteAndExists::test_delete_returns_false_for_missing_token SKIPPED [ 18%]
tests/mongodb/integration/test_refresh_token_repo_integration.py::TestTokenHashUniqueIndex::test_duplicate_token_hash_raises SKIPPED [ 19%]
tests/mongodb/integration/test_user_repo_integration.py::TestSaveAndFindById::test_save_and_retrieve_user SKIPPED [ 19%]
tests/mongodb/integration/test_user_repo_integration.py::TestSaveAndFindById::test_find_by_id_returns_none_for_unknown_id SKIPPED [ 19%]
tests/mongodb/integration/test_user_repo_integration.py::TestSaveAndFindById::test_save_preserves_all_fields SKIPPED [ 19%]
tests/mongodb/integration/test_user_repo_integration.py::TestSaveAndFindById::test_save_is_idempotent_upsert SKIPPED [ 19%]
tests/mongodb/integration/test_user_repo_integration.py::TestSaveAndFindById::test_updated_at_is_set_after_save SKIPPED [ 20%]
tests/mongodb/integration/test_user_repo_integration.py::TestFindByProvider::test_finds_user_by_provider_and_id SKIPPED [ 20%]
tests/mongodb/integration/test_user_repo_integration.py::TestFindByProvider::test_returns_none_for_wrong_provider SKIPPED [ 20%]
tests/mongodb/integration/test_user_repo_integration.py::TestFindByProvider::test_returns_none_for_wrong_provider_user_id SKIPPED [ 20%]
tests/mongodb/integration/test_user_repo_integration.py::TestFindByProvider::test_two_providers_same_email_coexist SKIPPED [ 20%]
tests/mongodb/integration/test_user_repo_integration.py::TestFindByEmail::test_finds_user_by_exact_email SKIPPED [ 20%]
tests/mongodb/integration/test_user_repo_integration.py::TestFindByEmail::test_email_lookup_is_case_insensitive SKIPPED [ 21%]
tests/mongodb/integration/test_user_repo_integration.py::TestFindByEmail::test_returns_none_for_missing_email SKIPPED [ 21%]
tests/mongodb/integration/test_user_repo_integration.py::TestUniqueIndexEnforcement::test_duplicate_provider_identity_raises SKIPPED [ 21%]
tests/mongodb/integration/test_user_repo_integration.py::TestUniqueIndexEnforcement::test_duplicate_email_raises SKIPPED [ 21%]
tests/mongodb/integration/test_user_repo_integration.py::TestDeleteAndExists::test_exists_true_after_save SKIPPED [ 21%]
tests/mongodb/integration/test_user_repo_integration.py::TestDeleteAndExists::test_exists_false_for_unknown_id SKIPPED [ 22%]
tests/mongodb/integration/test_user_repo_integration.py::TestDeleteAndExists::test_delete_removes_user SKIPPED [ 22%]
tests/mongodb/integration/test_user_repo_integration.py::TestDeleteAndExists::test_delete_returns_false_when_not_found SKIPPED [ 22%]
tests/mongodb/repository/test_base_repository.py::TestInitialize::test_initialize_calls_ensure_indexes PASSED [ 22%]
tests/mongodb/repository/test_base_repository.py::TestInitialize::test_initialize_is_idempotent PASSED [ 22%]
tests/mongodb/repository/test_base_repository.py::TestInitialize::test_initialize_logs_error_but_does_not_raise_on_pymongo_error PASSED [ 23%]
tests/mongodb/repository/test_base_repository.py::TestInitialize::test_collection_access_triggers_lazy_initialize PASSED [ 23%]
tests/mongodb/repository/test_base_repository.py::TestSave::test_save_calls_replace_one_with_upsert PASSED [ 23%]
tests/mongodb/repository/test_base_repository.py::TestSave::test_save_stamps_updated_at PASSED [ 23%]
tests/mongodb/repository/test_base_repository.py::TestSave::test_save_returns_entity PASSED [ 23%]
tests/mongodb/repository/test_base_repository.py::TestSave::test_save_wraps_duplicate_key_error PASSED [ 24%]
tests/mongodb/repository/test_base_repository.py::TestSave::test_save_wraps_generic_pymongo_error PASSED [ 24%]
tests/mongodb/repository/test_base_repository.py::TestFindById::test_returns_entity_when_document_found PASSED [ 24%]
tests/mongodb/repository/test_base_repository.py::TestFindById::test_returns_none_when_document_not_found PASSED [ 24%]
tests/mongodb/repository/test_base_repository.py::TestFindById::test_queries_by_underscore_id PASSED [ 24%]
tests/mongodb/repository/test_base_repository.py::TestFindById::test_wraps_pymongo_error PASSED [ 24%]
tests/mongodb/repository/test_base_repository.py::TestDelete::test_returns_true_when_document_deleted PASSED [ 25%]
tests/mongodb/repository/test_base_repository.py::TestDelete::test_returns_false_when_document_not_found PASSED [ 25%]
tests/mongodb/repository/test_base_repository.py::TestDelete::test_wraps_pymongo_error PASSED [ 25%]
tests/mongodb/repository/test_base_repository.py::TestExists::test_returns_true_when_count_is_one PASSED [ 25%]
tests/mongodb/repository/test_base_repository.py::TestExists::test_returns_false_when_count_is_zero PASSED [ 25%]
tests/mongodb/repository/test_base_repository.py::TestExists::test_uses_limit_one_for_efficiency PASSED [ 26%]
tests/mongodb/repository/test_base_repository.py::TestFindPaginated::test_returns_entities_and_total PASSED [ 26%]
tests/mongodb/repository/test_base_repository.py::TestFindPaginated::test_applies_sort_skip_limit_in_order PASSED [ 26%]
tests/mongodb/repository/test_base_repository.py::TestFindPaginated::test_wraps_pymongo_error PASSED [ 26%]
tests/mongodb/repository/test_base_repository.py::TestUpdateFields::test_calls_find_one_and_update_with_set PASSED [ 26%]
tests/mongodb/repository/test_base_repository.py::TestUpdateFields::test_returns_none_when_document_not_found PASSED [ 27%]
tests/mongodb/repository/test_base_repository.py::TestMetricsForwarding::test_save_increments_total_operations PASSED [ 27%]
tests/mongodb/repository/test_base_repository.py::TestMetricsForwarding::test_save_failure_increments_failed_operations PASSED [ 27%]
tests/mongodb/repository/test_base_repository.py::TestMetricsForwarding::test_find_by_id_increments_ops PASSED [ 27%]
tests/mongodb/repository/test_base_repository.py::TestMetricsForwarding::test_delete_increments_ops PASSED [ 27%]
tests/mongodb/repository/test_base_repository.py::TestMetricsForwarding::test_record_op_safe_when_no_connection_manager PASSED [ 28%]
tests/mongodb/repository/test_refresh_token_repository.py::TestEnsureIndexes::test_calls_create_indexes PASSED [ 28%]
tests/mongodb/repository/test_refresh_token_repository.py::TestEnsureIndexes::test_four_indexes_declared PASSED [ 28%]
tests/mongodb/repository/test_refresh_token_repository.py::TestEnsureIndexes::test_token_hash_index_is_unique PASSED [ 28%]
tests/mongodb/repository/test_refresh_token_repository.py::TestEnsureIndexes::test_ttl_index_has_expire_after_seconds_zero PASSED [ 28%]
tests/mongodb/repository/test_refresh_token_repository.py::TestFindByHash::test_returns_none_when_not_found PASSED [ 28%]
tests/mongodb/repository/test_refresh_token_repository.py::TestFindByHash::test_queries_by_token_hash_field PASSED [ 29%]
tests/mongodb/repository/test_refresh_token_repository.py::TestFindByHash::test_returns_refresh_token_entity PASSED [ 29%]
tests/mongodb/repository/test_refresh_token_repository.py::TestFindByHash::test_wraps_pymongo_error PASSED [ 29%]
tests/mongodb/repository/test_refresh_token_repository.py::TestFindBySessionId::test_returns_empty_list_when_none_found PASSED [ 29%]
tests/mongodb/repository/test_refresh_token_repository.py::TestFindBySessionId::test_queries_by_session_id_field PASSED [ 29%]
tests/mongodb/repository/test_refresh_token_repository.py::TestFindBySessionId::test_returns_list_of_entities PASSED [ 30%]
tests/mongodb/repository/test_refresh_token_repository.py::TestFindBySessionId::test_wraps_pymongo_error PASSED [ 30%]
tests/mongodb/repository/test_refresh_token_repository.py::TestRevokeSession::test_calls_update_many_with_session_filter PASSED [ 30%]
tests/mongodb/repository/test_refresh_token_repository.py::TestRevokeSession::test_sets_revoked_at_and_reason_in_update PASSED [ 30%]
tests/mongodb/repository/test_refresh_token_repository.py::TestRevokeSession::test_returns_modified_count PASSED [ 30%]
tests/mongodb/repository/test_refresh_token_repository.py::TestRevokeSession::test_returns_zero_when_no_active_tokens PASSED [ 31%]
tests/mongodb/repository/test_refresh_token_repository.py::TestRevokeSession::test_wraps_pymongo_error PASSED [ 31%]
tests/mongodb/repository/test_refresh_token_repository.py::TestDeleteExpired::test_calls_delete_many_with_expires_at_filter PASSED [ 31%]
tests/mongodb/repository/test_refresh_token_repository.py::TestDeleteExpired::test_returns_deleted_count PASSED [ 31%]
tests/mongodb/repository/test_refresh_token_repository.py::TestDeleteExpired::test_returns_zero_when_no_expired_tokens PASSED [ 31%]
tests/mongodb/repository/test_refresh_token_repository.py::TestDeleteExpired::test_wraps_pymongo_error PASSED [ 32%]
tests/mongodb/repository/test_refresh_token_repository.py::TestSaveToken::test_save_includes_required_token_fields PASSED [ 32%]
tests/mongodb/repository/test_refresh_token_repository.py::TestSaveToken::test_save_uses_token_id_as_document_id PASSED [ 32%]
tests/mongodb/repository/test_refresh_token_repository.py::TestToEntity::test_reconstructs_all_fields PASSED [ 32%]
tests/mongodb/repository/test_refresh_token_repository.py::TestToEntity::test_nullable_fields_default_to_none PASSED [ 32%]
tests/mongodb/repository/test_user_repository.py::TestEnsureIndexes::test_ensure_indexes_calls_create_indexes PASSED [ 32%]
tests/mongodb/repository/test_user_repository.py::TestEnsureIndexes::test_three_indexes_declared PASSED [ 33%]
tests/mongodb/repository/test_user_repository.py::TestEnsureIndexes::test_provider_identity_index_is_unique PASSED [ 33%]
tests/mongodb/repository/test_user_repository.py::TestEnsureIndexes::test_email_index_is_unique PASSED [ 33%]
tests/mongodb/repository/test_user_repository.py::TestFindByProvider::test_returns_none_when_not_found PASSED [ 33%]
tests/mongodb/repository/test_user_repository.py::TestFindByProvider::test_queries_correct_fields PASSED [ 33%]
tests/mongodb/repository/test_user_repository.py::TestFindByProvider::test_returns_user_entity_when_found PASSED [ 34%]
tests/mongodb/repository/test_user_repository.py::TestFindByProvider::test_wraps_pymongo_error PASSED [ 34%]
tests/mongodb/repository/test_user_repository.py::TestFindByEmail::test_returns_none_when_not_found PASSED [ 34%]
tests/mongodb/repository/test_user_repository.py::TestFindByEmail::test_applies_case_insensitive_collation PASSED [ 34%]
tests/mongodb/repository/test_user_repository.py::TestFindByEmail::test_returns_user_when_found PASSED [ 34%]
tests/mongodb/repository/test_user_repository.py::TestFindByEmail::test_wraps_pymongo_error PASSED [ 35%]
tests/mongodb/repository/test_user_repository.py::TestSaveUser::test_save_upserts_with_correct_id PASSED [ 35%]
tests/mongodb/repository/test_user_repository.py::TestSaveUser::test_document_contains_all_user_fields PASSED [ 35%]
tests/mongodb/repository/test_user_repository.py::TestSaveUser::test_document_does_not_contain_updated_at_from_entity PASSED [ 35%]
tests/mongodb/repository/test_user_repository.py::TestSaveUser::test_wraps_duplicate_key_error_as_duplicate_entity_error PASSED [ 35%]
tests/mongodb/repository/test_user_repository.py::TestToEntity::test_reconstructs_user_from_complete_document PASSED [ 36%]
tests/mongodb/repository/test_user_repository.py::TestToEntity::test_defaults_roles_to_user_when_absent PASSED [ 36%]
tests/mongodb/repository/test_user_repository.py::TestToEntity::test_defaults_is_active_to_true_when_absent PASSED [ 36%]
tests/mongodb/repository/test_user_repository.py::TestToEntity::test_handles_null_avatar_url PASSED [ 36%]
tests/mongodb/unit/test_connection_manager.py::TestFromEnv::test_raises_when_uri_env_var_missing PASSED [ 36%]
tests/mongodb/unit/test_connection_manager.py::TestFromEnv::test_builds_from_env_vars PASSED [ 36%]
tests/mongodb/unit/test_connection_manager.py::TestFromEnv::test_applies_default_pool_sizes_when_env_absent PASSED [ 37%]
tests/mongodb/unit/test_connection_manager.py::TestConnectSuccess::test_connect_stores_client_on_success PASSED [ 37%]
tests/mongodb/unit/test_connection_manager.py::TestConnectSuccess::test_connect_increments_success_counter PASSED [ 37%]
tests/mongodb/unit/test_connection_manager.py::TestConnectSuccess::test_connect_is_idempotent_when_already_connected PASSED [ 37%]
tests/mongodb/unit/test_connection_manager.py::TestConnectSuccess::test_connect_calls_ping_on_admin PASSED [ 37%]
tests/mongodb/unit/test_connection_manager.py::TestConnectRetry::test_raises_connection_failure_after_all_retries_exhausted PASSED [ 38%]
tests/mongodb/unit/test_connection_manager.py::TestConnectRetry::test_retries_correct_number_of_times PASSED [ 38%]
tests/mongodb/unit/test_connection_manager.py::TestConnectRetry::test_succeeds_on_second_attempt PASSED [ 38%]
tests/mongodb/unit/test_connection_manager.py::TestConnectRetry::test_handles_server_selection_timeout_as_retriable PASSED [ 38%]
tests/mongodb/unit/test_connection_manager.py::TestDisconnect::test_disconnect_calls_client_close PASSED [ 38%]
tests/mongodb/unit/test_connection_manager.py::TestDisconnect::test_disconnect_is_safe_when_not_connected PASSED [ 39%]
tests/mongodb/unit/test_connection_manager.py::TestReconnect::test_reconnect_disconnects_then_reconnects PASSED [ 39%]
tests/mongodb/unit/test_connection_manager.py::TestReconnect::test_reconnect_increments_reconnect_counter PASSED [ 39%]
tests/mongodb/unit/test_connection_manager.py::TestAccessors::test_get_client_raises_when_not_connected PASSED [ 39%]
tests/mongodb/unit/test_connection_manager.py::TestAccessors::test_get_database_returns_db_handle PASSED [ 39%]
tests/mongodb/unit/test_connection_manager.py::TestPing::test_ping_returns_false_when_not_connected PASSED [ 40%]
tests/mongodb/unit/test_connection_manager.py::TestPing::test_ping_returns_true_on_success PASSED [ 40%]
tests/mongodb/unit/test_connection_manager.py::TestPing::test_ping_returns_false_and_never_raises_on_connection_failure PASSED [ 40%]
tests/mongodb/unit/test_connection_manager.py::TestHealthStatus::test_returns_unhealthy_when_not_connected PASSED [ 40%]
tests/mongodb/unit/test_connection_manager.py::TestHealthStatus::test_returns_healthy_on_successful_ping PASSED [ 40%]
tests/mongodb/unit/test_connection_manager.py::TestHealthStatus::test_health_status_schema_contains_required_keys PASSED [ 40%]
tests/mongodb/unit/test_connection_manager.py::TestHealthStatus::test_health_status_includes_metrics_snapshot PASSED [ 41%]
tests/mongodb/unit/test_connection_manager.py::TestHealthStatus::test_health_status_checked_at_is_iso8601 PASSED [ 41%]
tests/mongodb/unit/test_mongo_config.py::TestURIValidation::test_valid_mongodb_uri_accepted PASSED [ 41%]
tests/mongodb/unit/test_mongo_config.py::TestURIValidation::test_valid_srv_uri_accepted PASSED [ 41%]
tests/mongodb/unit/test_mongo_config.py::TestURIValidation::test_empty_uri_raises PASSED [ 41%]
tests/mongodb/unit/test_mongo_config.py::TestURIValidation::test_non_mongodb_scheme_raises PASSED [ 42%]
tests/mongodb/unit/test_mongo_config.py::TestURIValidation::test_missing_scheme_separator_raises PASSED [ 42%]
tests/mongodb/unit/test_mongo_config.py::TestEnvironmentValidation::test_valid_environments_accepted[development] PASSED [ 42%]
tests/mongodb/unit/test_mongo_config.py::TestEnvironmentValidation::test_valid_environments_accepted[staging] PASSED [ 42%]
tests/mongodb/unit/test_mongo_config.py::TestEnvironmentValidation::test_valid_environments_accepted[production] PASSED [ 42%]
tests/mongodb/unit/test_mongo_config.py::TestEnvironmentValidation::test_unknown_environment_raises PASSED [ 43%]
tests/mongodb/unit/test_mongo_config.py::TestEnvironmentValidation::test_environment_normalised_to_lowercase PASSED [ 43%]
tests/mongodb/unit/test_mongo_config.py::TestPoolSizeDefaults::test_development_pool_defaults PASSED [ 43%]
tests/mongodb/unit/test_mongo_config.py::TestPoolSizeDefaults::test_staging_pool_defaults PASSED [ 43%]
tests/mongodb/unit/test_mongo_config.py::TestPoolSizeDefaults::test_production_pool_defaults PASSED [ 43%]
tests/mongodb/unit/test_mongo_config.py::TestPoolSizeDefaults::test_explicit_pool_sizes_override_defaults PASSED [ 44%]
tests/mongodb/unit/test_mongo_config.py::TestTimeoutDefaults::test_development_timeout_defaults PASSED [ 44%]
tests/mongodb/unit/test_mongo_config.py::TestTimeoutDefaults::test_production_timeout_defaults PASSED [ 44%]
tests/mongodb/unit/test_mongo_config.py::TestTimeoutDefaults::test_explicit_timeouts_override_defaults PASSED [ 44%]
tests/mongodb/unit/test_mongo_config.py::TestFactoryMethods::test_for_development_sets_env PASSED [ 44%]
tests/mongodb/unit/test_mongo_config.py::TestFactoryMethods::test_for_staging_sets_env PASSED [ 44%]
tests/mongodb/unit/test_mongo_config.py::TestFactoryMethods::test_for_production_sets_env PASSED [ 45%]
tests/mongodb/unit/test_mongo_config.py::TestFactoryMethods::test_from_env_raises_when_uri_missing PASSED [ 45%]
tests/mongodb/unit/test_mongo_config.py::TestFactoryMethods::test_from_env_loads_uri_from_environment PASSED [ 45%]
tests/mongodb/unit/test_mongo_config.py::TestSafeLogging::test_to_dict_safe_never_exposes_credentials PASSED [ 45%]
tests/mongodb/unit/test_mongo_config.py::TestSafeLogging::test_str_representation_hides_credentials PASSED [ 45%]
tests/mongodb/unit/test_mongo_config.py::TestSafeLogging::test_to_dict_safe_contains_environment PASSED [ 46%]
tests/mongodb/unit/test_mongo_config.py::TestCreateConnectionManager::test_create_connection_manager_returns_manager_instance PASSED [ 46%]
tests/mongodb/unit/test_mongo_config.py::TestCreateConnectionManager::test_create_connection_manager_applies_pool_sizes PASSED [ 46%]
tests/mongodb/unit/test_mongo_metrics.py::TestInitialState::test_all_counters_start_at_zero PASSED [ 46%]
tests/mongodb/unit/test_mongo_metrics.py::TestInitialState::test_avg_latency_is_none_before_any_ops PASSED [ 46%]
tests/mongodb/unit/test_mongo_metrics.py::TestInitialState::test_timestamps_are_none_initially PASSED [ 47%]
tests/mongodb/unit/test_mongo_metrics.py::TestRecordConnectAttempt::test_success_increments_successes PASSED [ 47%]
tests/mongodb/unit/test_mongo_metrics.py::TestRecordConnectAttempt::test_failure_increments_failures PASSED [ 47%]
tests/mongodb/unit/test_mongo_metrics.py::TestRecordConnectAttempt::test_success_sets_connected_at_timestamp PASSED [ 47%]
tests/mongodb/unit/test_mongo_metrics.py::TestRecordConnectAttempt::test_failure_does_not_set_connected_at PASSED [ 47%]
tests/mongodb/unit/test_mongo_metrics.py::TestRecordOp::test_successful_op_increments_total_only PASSED [ 48%]
tests/mongodb/unit/test_mongo_metrics.py::TestRecordOp::test_failed_op_increments_both_totals PASSED [ 48%]
tests/mongodb/unit/test_mongo_metrics.py::TestRecordOp::test_avg_latency_single_op PASSED [ 48%]
tests/mongodb/unit/test_mongo_metrics.py::TestRecordOp::test_avg_latency_multiple_ops PASSED [ 48%]
tests/mongodb/unit/test_mongo_metrics.py::TestRecordOp::test_avg_latency_rounded_to_two_decimals PASSED [ 48%]
tests/mongodb/unit/test_mongo_metrics.py::TestRecordPing::test_successful_ping_sets_ok_true PASSED [ 48%]
tests/mongodb/unit/test_mongo_metrics.py::TestRecordPing::test_failed_ping_sets_ok_false PASSED [ 49%]
tests/mongodb/unit/test_mongo_metrics.py::TestRecordPing::test_ping_sets_last_ping_at PASSED [ 49%]
tests/mongodb/unit/test_mongo_metrics.py::TestRecordReconnect::test_increments_reconnect_counter PASSED [ 49%]
tests/mongodb/unit/test_mongo_metrics.py::TestToDict::test_to_dict_contains_all_keys PASSED [ 49%]
tests/mongodb/unit/test_mongo_metrics.py::TestToDict::test_to_dict_timestamps_as_iso_string_or_none PASSED [ 49%]
tests/mongodb/unit/test_mongo_metrics.py::TestToDict::test_to_dict_snapshot_is_independent PASSED [ 50%]
tests/mongodb/unit/test_mongo_metrics.py::TestThreadSafety::test_concurrent_record_op_produces_correct_totals PASSED [ 50%]
tests/mongodb/unit/test_mongo_metrics.py::TestThreadSafety::test_concurrent_record_connect_attempt PASSED [ 50%]
tests/mongodb/unit/test_object_id_wrapper.py::TestConstruction::test_from_string_stores_string PASSED [ 50%]
tests/mongodb/unit/test_object_id_wrapper.py::TestConstruction::test_from_object_id_stores_object_id PASSED [ 50%]
tests/mongodb/unit/test_object_id_wrapper.py::TestConstruction::test_from_string_empty_raises PASSED [ 51%]
tests/mongodb/unit/test_object_id_wrapper.py::TestConstruction::test_from_string_non_string_raises PASSED [ 51%]
tests/mongodb/unit/test_object_id_wrapper.py::TestConstruction::test_from_object_id_wrong_type_raises PASSED [ 51%]
tests/mongodb/unit/test_object_id_wrapper.py::TestConstruction::test_init_with_invalid_type_raises PASSED [ 51%]
tests/mongodb/unit/test_object_id_wrapper.py::TestConstruction::test_from_any_accepts_string PASSED [ 51%]
tests/mongodb/unit/test_object_id_wrapper.py::TestConstruction::test_from_any_accepts_object_id PASSED [ 52%]
tests/mongodb/unit/test_object_id_wrapper.py::TestConstruction::test_from_any_accepts_wrapper PASSED [ 52%]
tests/mongodb/unit/test_object_id_wrapper.py::TestConstruction::test_from_any_accepts_extended_json PASSED [ 52%]
tests/mongodb/unit/test_object_id_wrapper.py::TestConstruction::test_from_any_invalid_type_raises PASSED [ 52%]
tests/mongodb/unit/test_object_id_wrapper.py::TestTypeChecking::test_is_string_true_for_string_wrapper PASSED [ 52%]
tests/mongodb/unit/test_object_id_wrapper.py::TestTypeChecking::test_is_object_id_true_for_objectid_wrapper PASSED [ 52%]
tests/mongodb/unit/test_object_id_wrapper.py::TestTypeChecking::test_valid_objectid_hex_string_passes_is_valid PASSED [ 53%]
tests/mongodb/unit/test_object_id_wrapper.py::TestTypeChecking::test_uuid_string_fails_is_valid_object_id PASSED [ 53%]
tests/mongodb/unit/test_object_id_wrapper.py::TestConversions::test_object_id_as_string_returns_hex PASSED [ 53%]
tests/mongodb/unit/test_object_id_wrapper.py::TestConversions::test_valid_hex_string_converts_to_object_id PASSED [ 53%]
tests/mongodb/unit/test_object_id_wrapper.py::TestConversions::test_invalid_string_to_object_id_raises PASSED [ 53%]
tests/mongodb/unit/test_object_id_wrapper.py::TestConversions::test_as_hex_string_for_object_id PASSED [ 54%]
tests/mongodb/unit/test_object_id_wrapper.py::TestEqualityAndHashing::test_two_wrappers_with_same_string_are_equal PASSED [ 54%]
tests/mongodb/unit/test_object_id_wrapper.py::TestEqualityAndHashing::test_wrapper_equals_raw_string PASSED [ 54%]
tests/mongodb/unit/test_object_id_wrapper.py::TestEqualityAndHashing::test_wrapper_equals_object_id PASSED [ 54%]
tests/mongodb/unit/test_object_id_wrapper.py::TestEqualityAndHashing::test_different_ids_not_equal PASSED [ 54%]
tests/mongodb/unit/test_object_id_wrapper.py::TestEqualityAndHashing::test_wrapper_usable_as_dict_key PASSED [ 55%]
tests/mongodb/unit/test_object_id_wrapper.py::TestEqualityAndHashing::test_wrapper_usable_in_set PASSED [ 55%]
tests/mongodb/unit/test_object_id_wrapper.py::TestSerialization::test_to_dict_for_object_id_uses_oid_key PASSED [ 55%]
tests/mongodb/unit/test_object_id_wrapper.py::TestSerialization::test_to_dict_for_string_uses_string_key PASSED [ 55%]
tests/mongodb/unit/test_object_id_wrapper.py::TestSerialization::test_to_json_value_returns_string PASSED [ 55%]
tests/mongodb/unit/test_object_id_wrapper.py::TestSerialization::test_str_repr_for_string_wrapper PASSED [ 56%]
tests/mongodb/unit/test_object_id_wrapper.py::TestSerialization::test_repr_includes_id_value PASSED [ 56%]
tests/mongodb/unit/test_object_id_wrapper.py::TestConvenienceFunctions::test_wrap_id_string PASSED [ 56%]
tests/mongodb/unit/test_object_id_wrapper.py::TestConvenienceFunctions::test_wrap_id_object_id PASSED [ 56%]
tests/mongodb/unit/test_object_id_wrapper.py::TestConvenienceFunctions::test_unwrap_id_from_wrapper PASSED [ 56%]
tests/mongodb/unit/test_object_id_wrapper.py::TestConvenienceFunctions::test_unwrap_id_from_string PASSED [ 56%]
tests/mongodb/unit/test_object_id_wrapper.py::TestConvenienceFunctions::test_unwrap_id_from_object_id PASSED [ 57%]
tests/unit/ai_worker/test_ai_worker_template.py::test_health_and_capability_endpoints_are_available PASSED [ 57%]
tests/unit/ai_worker/test_ai_worker_template.py::test_worker_infrastructure_ports_are_registered PASSED [ 57%]
tests/unit/ai_worker/test_ai_worker_template.py::test_placeholder_runner_does_not_execute_ai_workloads PASSED [ 57%]
tests/unit/ai_worker/test_ai_worker_template.py::test_celery_app_is_rabbitmq_ready_and_json_configured PASSED [ 57%]
tests/unit/ai_worker/test_ai_worker_template.py::test_testing_config_uses_memory_celery_backend PASSED [ 58%]
tests/unit/ai_worker/test_ai_worker_template.py::test_container_singleton_registration_reuses_instance PASSED [ 58%]
tests/unit/ai_worker/test_ai_worker_template.py::test_logger_includes_custom_extra_fields PASSED [ 58%]
tests/unit/api_service/test_job_auth_enforcement.py::test_all_job_routes_require_auth[GET-/api/v1/jobs] PASSED [ 58%]
tests/unit/api_service/test_job_auth_enforcement.py::test_all_job_routes_require_auth[POST-/api/v1/jobs] PASSED [ 58%]
tests/unit/api_service/test_job_auth_enforcement.py::test_all_job_routes_require_auth[GET-/api/v1/jobs/job-x] PASSED [ 59%]
tests/unit/api_service/test_job_auth_enforcement.py::test_all_job_routes_require_auth[PUT-/api/v1/jobs/job-x] PASSED [ 59%]
tests/unit/api_service/test_job_auth_enforcement.py::test_all_job_routes_require_auth[DELETE-/api/v1/jobs/job-x] PASSED [ 59%]
tests/unit/api_service/test_job_auth_enforcement.py::test_all_job_routes_require_auth[POST-/api/v1/jobs/job-x/cancel] PASSED [ 59%]
tests/unit/api_service/test_job_auth_enforcement.py::test_authenticated_user_can_list_own_jobs PASSED [ 59%]
tests/unit/api_service/test_job_auth_enforcement.py::test_authenticated_user_can_create_job PASSED [ 60%]
tests/unit/api_service/test_job_auth_enforcement.py::test_non_admin_cannot_list_other_users_jobs PASSED [ 60%]
tests/unit/api_service/test_job_auth_enforcement.py::test_admin_can_list_any_users_jobs PASSED [ 60%]
tests/unit/api_service/test_job_auth_enforcement.py::test_get_job_owned_by_caller_succeeds PASSED [ 60%]
tests/unit/api_service/test_job_auth_enforcement.py::test_get_job_owned_by_other_user_returns_403 PASSED [ 60%]
tests/unit/api_service/test_job_auth_enforcement.py::test_admin_can_get_any_job PASSED [ 60%]
tests/unit/api_service/test_job_auth_enforcement.py::test_put_job_owned_by_other_user_returns_403 PASSED [ 61%]
tests/unit/api_service/test_job_auth_enforcement.py::test_delete_other_users_job_returns_403 PASSED [ 61%]
tests/unit/api_service/test_job_auth_enforcement.py::test_admin_delete_calls_use_case_with_is_admin_true PASSED [ 61%]
tests/unit/api_service/test_job_auth_enforcement.py::test_cancel_other_users_job_returns_403 PASSED [ 61%]
tests/unit/api_service/test_job_auth_enforcement.py::test_cancel_calls_use_case_with_caller_user_id PASSED [ 61%]
tests/unit/api_service/test_jwt_propagation.py::test_health_without_token PASSED [ 62%]
tests/unit/api_service/test_jwt_propagation.py::test_correlation_id_in_response PASSED [ 62%]
tests/unit/api_service/test_jwt_propagation.py::test_jobs_requires_auth_without_token PASSED [ 62%]
tests/unit/api_service/test_jwt_propagation.py::test_jobs_accepts_valid_jwt PASSED [ 62%]
tests/unit/api_service/test_jwt_propagation.py::test_invalid_jwt_returns_401 PASSED [ 62%]
tests/unit/api_service/test_jwt_propagation.py::test_jwt_auth_required_blocks_jobs PASSED [ 63%]
tests/unit/api_service/test_jwt_propagation.py::test_build_outbound_headers_includes_correlation PASSED [ 63%]
tests/unit/application/test_create_job_use_case.py::TestCreateJobUseCase::test_execute_creates_job_successfully PASSED [ 63%]
tests/unit/application/test_create_job_use_case.py::TestCreateJobUseCase::test_execute_persists_to_repository PASSED [ 63%]
tests/unit/application/test_create_job_use_case.py::TestCreateJobUseCase::test_execute_with_invalid_job_type_fails PASSED [ 63%]
tests/unit/application/test_create_job_use_case.py::TestCreateJobUseCase::test_execute_with_invalid_priority_fails PASSED [ 64%]
tests/unit/application/test_create_job_use_case.py::TestCreateJobUseCase::test_execute_publishes_event_if_publisher_configured PASSED [ 64%]
tests/unit/application/test_create_job_use_case.py::TestCreateJobUseCase::test_execute_without_event_publisher PASSED [ 64%]
tests/unit/application/test_create_job_use_case.py::TestCreateJobUseCase::test_execute_dto_to_entity_mapping PASSED [ 64%]
tests/unit/application/test_create_job_use_case.py::TestCreateJobUseCase::test_execute_returns_dto_not_entity PASSED [ 64%]
tests/unit/application/test_create_job_use_case.py::TestCreateJobUseCase::test_execute_sets_created_at_timestamp PASSED [ 64%]
tests/unit/application/test_create_job_use_case.py::TestCreateJobUseCaseIntegration::test_full_workflow_create_start_complete PASSED [ 65%]
tests/unit/application/test_create_job_use_case.py::TestCreateJobUseCaseIntegration::test_full_workflow_create_fail PASSED [ 65%]
tests/unit/auth_service/test_auth_api_endpoints.py::test_post_login_starts_oauth PASSED [ 65%]
tests/unit/auth_service/test_auth_api_endpoints.py::test_post_login_completes_oauth PASSED [ 65%]
tests/unit/auth_service/test_auth_api_endpoints.py::test_get_github_oauth_redirect PASSED [ 65%]
tests/unit/auth_service/test_auth_api_endpoints.py::test_get_github_callback_issues_tokens PASSED [ 66%]
tests/unit/auth_service/test_auth_api_endpoints.py::test_post_refresh_rotates_tokens PASSED [ 66%]
tests/unit/auth_service/test_auth_api_endpoints.py::test_validation_error_standard_format PASSED [ 66%]
tests/unit/auth_service/test_auth_api_endpoints.py::test_oauth_state_mismatch_returns_structured_error PASSED [ 66%]
tests/unit/auth_service/test_auth_api_endpoints.py::test_required_endpoints_registered PASSED [ 66%]
tests/unit/auth_service/test_auth_service_template.py::test_auth_service_health_checks_are_available PASSED [ 67%]
tests/unit/auth_service/test_auth_service_template.py::test_auth_service_preserves_request_correlation_headers PASSED [ 67%]
tests/unit/auth_service/test_auth_service_template.py::test_auth_infrastructure_ports_are_registered PASSED [ 67%]
tests/unit/auth_service/test_auth_service_template.py::test_jwt_service_issues_and_validates_tokens PASSED [ 67%]
tests/unit/auth_service/test_auth_service_template.py::test_auth_routes_are_registered PASSED [ 67%]
tests/unit/auth_service/test_auth_service_template.py::test_environment_config_profiles_apply_expected_overrides PASSED [ 68%]
tests/unit/auth_service/test_auth_service_template.py::test_container_singleton_registration_reuses_instance PASSED [ 68%]
tests/unit/auth_service/test_auth_service_template.py::test_logger_includes_custom_extra_fields PASSED [ 68%]
tests/unit/auth_service/test_jwt_and_auth_flows.py::test_issue_and_validate_access_token PASSED [ 68%]
tests/unit/auth_service/test_jwt_and_auth_flows.py::test_expired_token_raises PASSED [ 68%]
tests/unit/auth_service/test_jwt_and_auth_flows.py::test_oauth_login_issues_token_pair PASSED [ 68%]
tests/unit/auth_service/test_jwt_and_auth_flows.py::test_refresh_token_rotation PASSED [ 69%]
tests/unit/auth_service/test_jwt_and_auth_flows.py::test_revoked_token_reuse_invalidates_family PASSED [ 69%]
tests/unit/auth_service/test_jwt_and_auth_flows.py::test_validate_and_revoke_use_cases PASSED [ 69%]
tests/unit/auth_service/test_jwt_and_auth_flows.py::test_pkce_challenge_is_deterministic PASSED [ 69%]
tests/unit/auth_service/test_jwt_token_service.py::test_config_rejects_empty_secret PASSED [ 69%]
tests/unit/auth_service/test_jwt_token_service.py::test_config_rejects_unsupported_algorithm PASSED [ 70%]
tests/unit/auth_service/test_jwt_token_service.py::test_config_rejects_short_secret_without_dev_flag PASSED [ 70%]
tests/unit/auth_service/test_jwt_token_service.py::test_issue_and_validate_access_token PASSED [ 70%]
tests/unit/auth_service/test_jwt_token_service.py::test_issue_and_validate_refresh_token PASSED [ 70%]
tests/unit/auth_service/test_jwt_token_service.py::test_issue_token_pair_returns_both_tokens PASSED [ 70%]
tests/unit/auth_service/test_jwt_token_service.py::test_refresh_token_rejected_by_access_validator PASSED [ 71%]
tests/unit/auth_service/test_jwt_token_service.py::test_access_token_rejected_by_refresh_validator PASSED [ 71%]
tests/unit/auth_service/test_jwt_token_service.py::test_expired_access_token_raises PASSED [ 71%]
tests/unit/auth_service/test_jwt_token_service.py::test_wrong_secret_raises_invalid_token PASSED [ 71%]
tests/unit/auth_service/test_jwt_token_service.py::test_decode_unverified_without_signature_check PASSED [ 71%]
tests/unit/auth_service/test_jwt_token_service.py::test_from_settings_factory PASSED [ 72%]
tests/unit/domain/test_job_entity.py::TestJobCreation::test_create_valid_job PASSED [ 72%]
tests/unit/domain/test_job_entity.py::TestJobCreation::test_create_job_with_default_priority PASSED [ 72%]
tests/unit/domain/test_job_entity.py::TestJobCreation::test_create_job_invalid_job_type_empty PASSED [ 72%]
tests/unit/domain/test_job_entity.py::TestJobCreation::test_create_job_invalid_priority PASSED [ 72%]
tests/unit/domain/test_job_entity.py::TestJobCreation::test_create_job_with_timeout PASSED [ 72%]
tests/unit/domain/test_job_entity.py::TestJobTransitions::test_transition_pending_to_running PASSED [ 73%]
tests/unit/domain/test_job_entity.py::TestJobTransitions::test_transition_running_to_completed PASSED [ 73%]
tests/unit/domain/test_job_entity.py::TestJobTransitions::test_transition_running_to_failed PASSED [ 73%]
tests/unit/domain/test_job_entity.py::TestJobTransitions::test_transition_pending_to_cancelled PASSED [ 73%]
tests/unit/domain/test_job_entity.py::TestJobTransitions::test_invalid_transition_completed_to_running PASSED [ 73%]
tests/unit/domain/test_job_entity.py::TestJobTransitions::test_invalid_transition_failed_to_running PASSED [ 74%]
tests/unit/domain/test_job_entity.py::TestJobValidation::test_valid_job_passes_validation PASSED [ 74%]
tests/unit/domain/test_job_entity.py::TestJobValidation::test_job_with_invalid_timestamps_fails_validation PASSED [ 74%]
tests/unit/domain/test_job_entity.py::TestJobValidation::test_completed_job_with_error_fails_validation PASSED [ 74%]
tests/unit/domain/test_job_entity.py::TestJobValidation::test_failed_job_without_error_fails_validation PASSED [ 74%]
tests/unit/domain/test_job_entity.py::TestJobElapsedTime::test_get_elapsed_seconds_not_started PASSED [ 75%]
tests/unit/domain/test_job_entity.py::TestJobElapsedTime::test_get_elapsed_seconds_running PASSED [ 75%]
tests/unit/domain/test_job_entity.py::TestJobElapsedTime::test_is_not_timed_out PASSED [ 75%]
tests/unit/domain/test_job_entity.py::TestJobElapsedTime::test_is_timed_out PASSED [ 75%]
tests/unit/domain/test_job_entity.py::TestJobElapsedTime::test_no_timeout_check_when_not_set PASSED [ 75%]
tests/unit/domain/test_job_entity.py::TestJobConversion::test_to_dict PASSED [ 76%]
tests/unit/domain/test_job_entity.py::TestJobConversion::test_to_dict_with_result PASSED [ 76%]
tests/unit/domain/test_job_entity.py::TestJobPriority::test_priority_valid_range PASSED [ 76%]
tests/unit/domain/test_job_entity.py::TestJobPriority::test_priority_below_min PASSED [ 76%]
tests/unit/domain/test_job_entity.py::TestJobPriority::test_priority_above_max PASSED [ 76%]
tests/unit/domain/test_job_entity.py::TestJobPriority::test_priority_comparison PASSED [ 76%]
tests/unit/notification_service/test_notification_service_template.py::test_health_and_channel_endpoints_are_available PASSED [ 77%]
tests/unit/notification_service/test_notification_service_template.py::test_notification_infrastructure_ports_are_registered PASSED [ 77%]
tests/unit/notification_service/test_notification_service_template.py::test_consume_event_logs_notification_intent PASSED [ 77%]
tests/unit/notification_service/test_notification_service_template.py::test_event_envelope_normalizes_missing_fields PASSED [ 77%]
tests/unit/notification_service/test_notification_service_template.py::test_future_channels_are_not_implemented_yet PASSED [ 77%]
tests/unit/notification_service/test_notification_service_template.py::test_celery_app_is_rabbitmq_ready_and_json_configured PASSED [ 78%]
tests/unit/notification_service/test_notification_service_template.py::test_testing_config_uses_memory_celery_backend PASSED [ 78%]
tests/unit/notification_service/test_notification_service_template.py::test_container_singleton_registration_reuses_instance PASSED [ 78%]
tests/unit/notification_service/test_notification_service_template.py::test_logger_includes_custom_extra_fields PASSED [ 78%]
tests/unit/presentation/test_job_request_validation.py::test_create_job_rejects_non_json_body PASSED [ 78%]
tests/unit/presentation/test_job_request_validation.py::test_create_job_rejects_missing_required_field PASSED [ 79%]
tests/unit/presentation/test_job_request_validation.py::test_create_job_uses_anonymous_user_when_no_token PASSED [ 79%]
tests/unit/presentation/test_job_request_validation.py::test_list_jobs_rejects_invalid_query_params PASSED [ 79%]
tests/unit/presentation/test_job_request_validation.py::test_update_job_rejects_empty_body_before_repository_lookup PASSED [ 79%]
tests/unit/services/test_hf_summarization_service.py::TestSummarizationOutput::test_to_dict_has_all_keys PASSED [ 79%]
tests/unit/services/test_hf_summarization_service.py::TestSummarizationOutput::test_immutable PASSED [ 80%]
tests/unit/services/test_hf_summarization_service.py::TestHFSummarizationService::test_summarize_returns_output_type PASSED [ 80%]
tests/unit/services/test_hf_summarization_service.py::TestHFSummarizationService::test_summarize_passes_text_to_pipeline PASSED [ 80%]
tests/unit/services/test_hf_summarization_service.py::TestHFSummarizationService::test_summary_text_extracted PASSED [ 80%]
tests/unit/services/test_hf_summarization_service.py::TestHFSummarizationService::test_word_counts_populated PASSED [ 80%]
tests/unit/services/test_hf_summarization_service.py::TestHFSummarizationService::test_compression_ratio_computed PASSED [ 80%]
tests/unit/services/test_hf_summarization_service.py::TestHFSummarizationService::test_model_name_in_output PASSED [ 81%]
tests/unit/services/test_hf_summarization_service.py::TestHFSummarizationService::test_latency_is_positive PASSED [ 81%]
tests/unit/services/test_hf_summarization_service.py::TestHFSummarizationService::test_not_truncated_for_short_input PASSED [ 81%]
tests/unit/services/test_hf_summarization_service.py::TestHFSummarizationService::test_truncated_flag_set_for_long_input PASSED [ 81%]
tests/unit/services/test_hf_summarization_service.py::TestHFSummarizationService::test_custom_max_new_tokens_forwarded PASSED [ 81%]
tests/unit/services/test_hf_summarization_service.py::TestHFSummarizationService::test_custom_min_new_tokens_forwarded PASSED [ 82%]
tests/unit/services/test_hf_summarization_service.py::TestHFSummarizationService::test_do_sample_is_false PASSED [ 82%]
tests/unit/services/test_hf_summarization_service.py::TestHFSummarizationServiceErrors::test_empty_text_raises_value_error PASSED [ 82%]
tests/unit/services/test_hf_summarization_service.py::TestHFSummarizationServiceErrors::test_whitespace_only_raises_value_error PASSED [ 82%]
tests/unit/services/test_hf_summarization_service.py::TestHFSummarizationServiceErrors::test_pipeline_error_raises_summarization_error PASSED [ 82%]
tests/unit/services/test_hf_summarization_service.py::TestHFSummarizationServiceErrors::test_missing_transformers_raises_summarization_error PASSED [ 83%]
tests/unit/services/test_hf_summarization_service.py::TestLazyLoading::test_pipeline_not_loaded_at_construction PASSED [ 83%]
tests/unit/services/test_hf_summarization_service.py::TestLazyLoading::test_pipeline_loaded_after_first_summarize PASSED [ 83%]
tests/unit/services/test_hf_summarization_service.py::TestLazyLoading::test_build_pipeline_called_exactly_once_under_concurrency PASSED [ 83%]
tests/unit/services/test_hf_summarization_service.py::TestLazyLoading::test_warmup_triggers_pipeline_load PASSED [ 83%]
tests/unit/services/test_hf_summarization_service.py::TestGetDefaultService::test_returns_same_instance_on_repeated_calls PASSED [ 84%]
tests/unit/shared/test_structured_logging.py::test_json_formatter_redacts_sensitive_fields PASSED [ 84%]
tests/unit/shared/test_structured_logging.py::test_flask_request_logging_emits_request_and_response_records PASSED [ 84%]
tests/unit/test_async_orchestrator.py::TestAsyncOrchestratorSubmit::test_submit_creates_pending_job PASSED [ 84%]
tests/unit/test_async_orchestrator.py::TestAsyncOrchestratorSubmit::test_submit_returns_job_with_id PASSED [ 84%]
tests/unit/test_async_orchestrator.py::TestAsyncOrchestratorProcess::test_successful_job_is_completed PASSED [ 84%]
tests/unit/test_async_orchestrator.py::TestAsyncOrchestratorProcess::test_task_returning_failure_sets_failed_status PASSED [ 85%]
tests/unit/test_async_orchestrator.py::TestAsyncOrchestratorProcess::test_crashing_task_sets_failed_status PASSED [ 85%]
tests/unit/test_async_orchestrator.py::TestAsyncOrchestratorProcess::test_unknown_job_type_fails_gracefully PASSED [ 85%]
tests/unit/test_async_orchestrator.py::TestAsyncOrchestratorProcess::test_nonexistent_job_id_raises PASSED [ 85%]
tests/unit/test_async_orchestrator.py::TestAsyncOrchestratorProcess::test_list_pending_jobs PASSED [ 85%]
tests/unit/test_async_orchestrator.py::TestAsyncOrchestratorProcess::test_list_pending_pagination PASSED [ 86%]
tests/unit/test_async_orchestrator.py::TestAsyncOrchestratorCancel::test_cancel_pending_job PASSED [ 86%]
tests/unit/test_async_orchestrator.py::TestAsyncOrchestratorCancel::test_cancel_nonexistent_job_raises PASSED [ 86%]
tests/unit/test_async_orchestrator.py::TestAsyncWorker::test_submit_and_enqueue_returns_pending_job PASSED [ 86%]
tests/unit/test_async_orchestrator.py::TestAsyncWorker::test_job_completes_after_enqueue PASSED [ 86%]
tests/unit/test_async_orchestrator.py::TestAsyncWorker::test_on_complete_hook_is_called PASSED [ 87%]
tests/unit/test_async_orchestrator.py::TestAsyncWorker::test_semaphore_limits_concurrency PASSED [ 87%]
tests/unit/test_async_orchestrator.py::TestAsyncWorker::test_cancel_job_removes_task PASSED [ 87%]
tests/unit/test_async_orchestrator.py::TestAsyncRepositoryContract::test_save_and_get PASSED [ 87%]
tests/unit/test_async_orchestrator.py::TestAsyncRepositoryContract::test_duplicate_save_raises PASSED [ 87%]
tests/unit/test_async_orchestrator.py::TestAsyncRepositoryContract::test_get_nonexistent_returns_none PASSED [ 88%]
tests/unit/test_async_orchestrator.py::TestAsyncRepositoryContract::test_update_persists_status_change PASSED [ 88%]
tests/unit/test_async_orchestrator.py::TestAsyncRepositoryContract::test_update_nonexistent_raises PASSED [ 88%]
tests/unit/test_async_orchestrator.py::TestAsyncRepositoryContract::test_list_by_status_filters_correctly PASSED [ 88%]
tests/unit/test_models.py::TestAIJobResult::test_failure_factory PASSED  [ 88%]
tests/unit/test_models.py::TestAIJobResult::test_round_trip_serialization PASSED [ 88%]
tests/unit/test_models.py::TestAIJob::test_initial_status_is_pending PASSED [ 89%]
tests/unit/test_models.py::TestAIJob::test_lifecycle_happy_path PASSED   [ 89%]
tests/unit/test_models.py::TestAIJob::test_mark_running_requires_pending PASSED [ 89%]
tests/unit/test_models.py::TestAIJob::test_mark_failed PASSED            [ 89%]
tests/unit/test_models.py::TestAIJob::test_cancel_from_pending PASSED    [ 89%]
tests/unit/test_models.py::TestAIJob::test_cancel_from_completed_raises PASSED [ 90%]
tests/unit/test_models.py::TestAIJob::test_round_trip_serialization PASSED [ 90%]
tests/unit/test_orchestrator.py::TestOrchestratorSubmit::test_submit_creates_pending_job PASSED [ 90%]
tests/unit/test_orchestrator.py::TestOrchestratorSubmit::test_submit_returns_job_with_id PASSED [ 90%]
tests/unit/test_orchestrator.py::TestOrchestratorProcess::test_successful_job_is_completed PASSED [ 90%]
tests/unit/test_orchestrator.py::TestOrchestratorProcess::test_task_returning_failure_sets_failed_status PASSED [ 91%]
tests/unit/test_orchestrator.py::TestOrchestratorProcess::test_crashing_task_sets_failed_status PASSED [ 91%]
tests/unit/test_orchestrator.py::TestOrchestratorProcess::test_unknown_job_type_raises PASSED [ 91%]
tests/unit/test_orchestrator.py::TestOrchestratorProcess::test_nonexistent_job_id_raises PASSED [ 91%]
tests/unit/test_orchestrator.py::TestOrchestratorProcess::test_list_pending_jobs PASSED [ 91%]
tests/unit/test_summarization_task.py::TestSummarizationTaskValidation::test_empty_text_fails PASSED [ 92%]
tests/unit/test_summarization_task.py::TestSummarizationTaskValidation::test_whitespace_only_fails PASSED [ 92%]
tests/unit/test_summarization_task.py::TestSummarizationTaskValidation::test_too_short_fails PASSED [ 92%]
tests/unit/test_summarization_task.py::TestSummarizationTaskValidation::test_minimum_length_passes PASSED [ 92%]
tests/unit/test_summarization_task.py::TestSummarizationTaskValidation::test_too_long_fails PASSED [ 92%]
tests/unit/test_summarization_task.py::TestSummarizationTaskValidation::test_invalid_max_new_tokens_fails PASSED [ 92%]
tests/unit/test_summarization_task.py::TestSummarizationTaskValidation::test_invalid_min_new_tokens_fails PASSED [ 93%]
tests/unit/test_summarization_task.py::TestSummarizationTaskValidation::test_valid_optional_params_pass PASSED [ 93%]
tests/unit/test_summarization_task.py::TestSummarizationTaskExecute::test_returns_aijobresult PASSED [ 93%]
tests/unit/test_summarization_task.py::TestSummarizationTaskExecute::test_success_true_on_happy_path PASSED [ 93%]
tests/unit/test_summarization_task.py::TestSummarizationTaskExecute::test_data_contains_summary PASSED [ 93%]
tests/unit/test_summarization_task.py::TestSummarizationTaskExecute::test_data_contains_word_counts PASSED [ 94%]
tests/unit/test_summarization_task.py::TestSummarizationTaskExecute::test_data_contains_compression_ratio PASSED [ 94%]
tests/unit/test_summarization_task.py::TestSummarizationTaskExecute::test_data_contains_truncated_flag PASSED [ 94%]
tests/unit/test_summarization_task.py::TestSummarizationTaskExecute::test_metadata_contains_model_name PASSED [ 94%]
tests/unit/test_summarization_task.py::TestSummarizationTaskExecute::test_metadata_contains_latency PASSED [ 94%]
tests/unit/test_summarization_task.py::TestSummarizationTaskExecute::test_optional_params_forwarded_to_service PASSED [ 95%]
tests/unit/test_summarization_task.py::TestSummarizationTaskExecute::test_job_type_is_summarization PASSED [ 95%]
tests/unit/test_summarization_task.py::TestSummarizationTaskErrors::test_summarization_error_returns_failure PASSED [ 95%]
tests/unit/test_summarization_task.py::TestSummarizationTaskErrors::test_unexpected_exception_returns_failure PASSED [ 95%]
tests/unit/test_summarization_task.py::TestSummarizationTaskErrors::test_failure_result_has_no_data PASSED [ 95%]
tests/unit/test_summarization_task.py::TestSummarizationTaskServiceResolution::test_none_service_resolved_lazily PASSED [ 96%]
tests/unit/test_tasks.py::TestSummarizationTask::test_returns_success PASSED [ 96%]
tests/unit/test_tasks.py::TestSummarizationTask::test_respects_max_sentences PASSED [ 96%]
tests/unit/test_tasks.py::TestSummarizationTask::test_validate_empty_text_raises PASSED [ 96%]
tests/unit/test_tasks.py::TestSummarizationTask::test_injected_summariser_used PASSED [ 96%]
tests/unit/test_tasks.py::TestSummarizationTask::test_summariser_exception_returns_failure PASSED [ 96%]
tests/unit/test_tasks.py::TestSentimentAnalysisTask::test_positive_text PASSED [ 97%]
tests/unit/test_tasks.py::TestSentimentAnalysisTask::test_negative_text PASSED [ 97%]
tests/unit/test_tasks.py::TestSentimentAnalysisTask::test_validate_empty_text_raises PASSED [ 97%]
tests/unit/test_tasks.py::TestSentimentAnalysisTask::test_score_between_0_and_1 PASSED [ 97%]
tests/unit/test_tasks.py::TestSentimentAnalysisTask::test_analyser_exception_returns_failure PASSED [ 97%]
tests/unit/test_tasks.py::TestDatasetProfilingTask::test_returns_success PASSED [ 98%]
tests/unit/test_tasks.py::TestDatasetProfilingTask::test_row_and_column_count PASSED [ 98%]
tests/unit/test_tasks.py::TestDatasetProfilingTask::test_numeric_column_stats PASSED [ 98%]
tests/unit/test_tasks.py::TestDatasetProfilingTask::test_null_count PASSED [ 98%]
tests/unit/test_tasks.py::TestDatasetProfilingTask::test_validate_missing_data_key PASSED [ 98%]
tests/unit/test_tasks.py::TestDatasetProfilingTask::test_validate_empty_list PASSED [ 99%]
tests/unit/test_template_infrastructure.py::test_container_singleton_registration_reuses_instance PASSED [ 99%]
tests/unit/test_template_infrastructure.py::test_container_transient_registration_creates_new_instances PASSED [ 99%]
tests/unit/test_template_infrastructure.py::test_request_context_preserves_incoming_correlation_headers PASSED [ 99%]
tests/unit/test_template_infrastructure.py::test_environment_config_profiles_apply_expected_overrides PASSED [ 99%]
tests/unit/test_template_infrastructure.py::test_json_formatter_includes_custom_extra_fields PASSED [100%]

============================== warnings summary ===============================
tests/integration/test_phase1_polling_architecture.py::test_job_manager
  C:\Codes\AI_MICROSERVICES\.codex-venv\Lib\site-packages\_pytest\python.py:170: PytestReturnNotNoneWarning: Test functions should return None, but tests/integration/test_phase1_polling_architecture.py::test_job_manager returned <class 'bool'>.
  Did you mean to use `assert` instead of `return`?
  See https://docs.pytest.org/en/stable/how-to/assert.html#return-not-none for more information.
    warnings.warn(

tests/integration/test_phase1_polling_architecture.py::test_model_executor
  C:\Codes\AI_MICROSERVICES\.codex-venv\Lib\site-packages\_pytest\python.py:170: PytestReturnNotNoneWarning: Test functions should return None, but tests/integration/test_phase1_polling_architecture.py::test_model_executor returned <class 'bool'>.
  Did you mean to use `assert` instead of `return`?
  See https://docs.pytest.org/en/stable/how-to/assert.html#return-not-none for more information.
    warnings.warn(

tests/integration/test_phase1_polling_architecture.py::test_ai_worker_client
  C:\Codes\AI_MICROSERVICES\.codex-venv\Lib\site-packages\_pytest\python.py:170: PytestReturnNotNoneWarning: Test functions should return None, but tests/integration/test_phase1_polling_architecture.py::test_ai_worker_client returned <class 'bool'>.
  Did you mean to use `assert` instead of `return`?
  See https://docs.pytest.org/en/stable/how-to/assert.html#return-not-none for more information.
    warnings.warn(

tests/integration/test_phase1_polling_architecture.py::test_imports
  C:\Codes\AI_MICROSERVICES\.codex-venv\Lib\site-packages\_pytest\python.py:170: PytestReturnNotNoneWarning: Test functions should return None, but tests/integration/test_phase1_polling_architecture.py::test_imports returned <class 'bool'>.
  Did you mean to use `assert` instead of `return`?
  See https://docs.pytest.org/en/stable/how-to/assert.html#return-not-none for more information.
    warnings.warn(

tests/integration/test_phase1_polling_architecture.py::test_container_registration
  C:\Codes\AI_MICROSERVICES\.codex-venv\Lib\site-packages\_pytest\python.py:170: PytestReturnNotNoneWarning: Test functions should return None, but tests/integration/test_phase1_polling_architecture.py::test_container_registration returned <class 'bool'>.
  Did you mean to use `assert` instead of `return`?
  See https://docs.pytest.org/en/stable/how-to/assert.html#return-not-none for more information.
    warnings.warn(

tests/unit/auth_service/test_auth_api_endpoints.py::test_post_login_completes_oauth
tests/unit/auth_service/test_auth_api_endpoints.py::test_get_github_callback_issues_tokens
tests/unit/auth_service/test_auth_api_endpoints.py::test_post_refresh_rotates_tokens
tests/unit/auth_service/test_auth_service_template.py::test_jwt_service_issues_and_validates_tokens
  C:\Codes\AI_MICROSERVICES\.codex-venv\Lib\site-packages\jwt\api_jwt.py:147: InsecureKeyLengthWarning: The HMAC key is 14 bytes long, which is below the minimum recommended length of 32 bytes for SHA256. See RFC 7518 Section 3.2.
    return self._jws.encode(

tests/unit/auth_service/test_auth_service_template.py::test_jwt_service_issues_and_validates_tokens
  C:\Codes\AI_MICROSERVICES\.codex-venv\Lib\site-packages\jwt\api_jwt.py:368: InsecureKeyLengthWarning: The HMAC key is 14 bytes long, which is below the minimum recommended length of 32 bytes for SHA256. See RFC 7518 Section 3.2.
    decoded = self.decode_complete(

-- Docs: https://docs.pytest.org/en/stable/how-to/capture-warnings.html
================ 472 passed, 53 skipped, 10 warnings in 5.99s =================
